C:\Users\nsovo\Desktop\HOLENI\Ti_rhipozithari_ta_kwala\01NMU Repos\academic_tracker\academic_tracker_app\src\main\java\com\academic_tracker_app\AcademicTrackerApplication.java
C:\Users\nsovo\Desktop\HOLENI\Ti_rhipozithari_ta_kwala\01NMU Repos\academic_tracker\academic_tracker_app\src\main\java\com\academic_tracker_app\controller\MainController.java
C:\Users\nsovo\Desktop\HOLENI\Ti_rhipozithari_ta_kwala\01NMU Repos\academic_tracker\academic_tracker_app\src\main\java\com\academic_tracker_app\database\Database.java
C:\Users\nsovo\Desktop\HOLENI\Ti_rhipozithari_ta_kwala\01NMU Repos\academic_tracker\academic_tracker_app\src\main\java\com\academic_tracker_app\database\ModuleDAO.java
C:\Users\nsovo\Desktop\HOLENI\Ti_rhipozithari_ta_kwala\01NMU Repos\academic_tracker\academic_tracker_app\src\main\java\com\academic_tracker_app\Launcher.java
C:\Users\nsovo\Desktop\HOLENI\Ti_rhipozithari_ta_kwala\01NMU Repos\academic_tracker\academic_tracker_app\src\main\java\com\academic_tracker_app\model\Module.java
C:\Users\nsovo\Desktop\HOLENI\Ti_rhipozithari_ta_kwala\01NMU Repos\academic_tracker\academic_tracker_app\src\main\java\module-info.java
